03:13:58.375 [main] INFO org.springframework.test.context.support.AnnotationConfigContextLoaderUtils -- Could not detect default configuration classes for test class [com.tallerzapata.backend.api.auth.AuthIntegrationTest]: AuthIntegrationTest does not declare any static, non-private, non-final, nested classes annotated with @Configuration.
03:13:58.515 [main] INFO org.springframework.boot.test.context.SpringBootTestContextBootstrapper -- Found @SpringBootConfiguration com.tallerzapata.backend.TallerZapataBackendApplication for test class com.tallerzapata.backend.api.auth.AuthIntegrationTest

  .   ____          _            __ _ _
 /\\ / ___'_ __ _ _(_)_ __  __ _ \ \ \ \
( ( )\___ | '_ | '_| | '_ \/ _` | \ \ \ \
 \\/  ___)| |_)| | | | | || (_| |  ) ) ) )
  '  |____| .__|_| |_|_| |_\__, | / / / /
 =========|_|==============|___/=/_/_/_/

 :: Spring Boot ::                (v3.3.5)

2026-04-26 03:14:08 WARN  [] o.s.b.a.s.s.UserDetailsServiceAutoConfiguration - 

Using generated security password: 29b310df-f4ff-43a4-97ed-9d35229d340a

This generated password is for development use only. Your security configuration must be updated before running your application in production.

OpenJDK 64-Bit Server VM warning: Sharing is only supported for boot loader classes because bootstrap classpath has been appended
WARNING: A Java agent has been loaded dynamically (C:\Users\NoxiePC\.m2\repository\net\bytebuddy\byte-buddy-agent\1.14.19\byte-buddy-agent-1.14.19.jar)
WARNING: If a serviceability tool is in use, please run with -XX:+EnableDynamicAgentLoading to hide this warning
WARNING: If a serviceability tool is not in use, please run with -Djdk.instrument.traceUsage for more information
WARNING: Dynamic loading of agents will be disallowed by default in a future release
2026-04-26 03:14:10 WARN  [efa3bfd5-d883-49dc-89da-7692f68d3cf4] c.t.b.i.o.AuthMetricsService - AUTH_LOGIN_FAILURE reason=invalid_credentials
2026-04-26 03:14:10 WARN  [f782a3b8-e5b2-45e7-8516-cbf6cf3a8186] c.t.b.i.o.AuthMetricsService - AUTH_REFRESH_FAILURE reason=revoked
2026-04-26 03:14:10 WARN  [a6381b53-0dd1-430f-9972-294efb684f80] c.t.b.i.o.AuthMetricsService - AUTH_REFRESH_FAILURE reason=reused
2026-04-26 03:14:11 WARN  [54fe5293-4f6f-422a-829c-4af26acd2d13] c.t.b.i.o.AuthMetricsService - AUTH_REFRESH_FAILURE reason=reused
2026-04-26 03:14:11 WARN  [ee0b39a7-4900-4174-9092-a2636a4e38a5] c.t.b.i.o.AuthMetricsService - AUTH_LOGIN_FAILURE reason=invalid_credentials

  .   ____          _            __ _ _
 /\\ / ___'_ __ _ _(_)_ __  __ _ \ \ \ \
( ( )\___ | '_ | '_| | '_ \/ _` | \ \ \ \
 \\/  ___)| |_)| | | | | || (_| |  ) ) ) )
  '  |____| .__|_| |_|_| |_\__, | / / / /
 =========|_|==============|___/=/_/_/_/

 :: Spring Boot ::                (v3.3.5)

2026-04-26 03:14:20 WARN  [] o.s.b.a.s.s.UserDetailsServiceAutoConfiguration - 

Using generated security password: bae7240a-fac8-4c01-b92b-34b6f4442e83

This generated password is for development use only. Your security configuration must be updated before running your application in production.

